// Jest Snapshot v1, https://goo.gl/fbAQLP

exports[`Signin Page should submit successfully 1`] = `ShallowWrapper {}`;
